// Jest Snapshot v1, https://goo.gl/fbAQLP

exports[`Footer component should be render correctly 1`] = `
<div
  className="westside"
  style={
    Object {
      "justifyContent": "center",
    }
  }
>
  <Brand />
</div>
`;
