// Jest Snapshot v1, https://goo.gl/fbAQLP

exports[`ErrorBoundary should display an ErrorMessage if wrapped component throws 1`] = `
<h1>
  Something went wrong.
</h1>
`;
