// Jest Snapshot v1, https://goo.gl/fbAQLP

exports[`SearchForm component should be render correctly 1`] = `
<form
  onSubmit={[Function]}
>
  <div>
    <input
      placeholder="Search"
      type="text"
    />
    <button
      type="submit"
    >
      Search
    </button>
  </div>
</form>
`;
